// Jest Snapshot v1, https://jestjs.io/docs/snapshot-testing

exports[`站7 · 词表封册守则 ③ 附册封存：V3 配置域遗留词汇整册冻结（正式入册前只出不进）: v3-config-annex 1`] = `
[
  "ACTIVATION_FAILED",
  "ACTIVATION_REQUESTED",
  "ADDRESS_ACTIVATED",
  "ADDRESS_CANCELLED",
  "ADDRESS_DEACTIVATED",
  "ADDRESS_REGISTERED",
  "ADDRESS_SUSPENDED",
  "ASSET_ACTIVATED",
  "ASSET_CREATED_AND_PROVISIONED",
  "ASSET_CREATION_FAILED",
  "ASSET_PROVISIONING_UPDATED",
  "ASSET_REACTIVATED",
  "ASSET_SUSPENDED",
  "CHANGE_APPLIED",
  "CHANGE_APPLY_FAILED",
  "CHANGE_CANCELLED",
  "CHANGE_REQUESTED",
  "CREATE_CANCELLED",
  "CREATE_REQUESTED",
  "CREATION_APPLIED",
  "CREATION_APPLY_FAILED",
  "CREATION_CANCELLED",
  "CREATION_REQUESTED",
  "MANUAL_COOLING_SKIP",
  "MFA_LOGIN_VERIFIED",
  "MFA_LOGIN_VERIFY_FAILED",
  "REACTIVATION_EXECUTION_FAILED",
  "REACTIVATION_REQUESTED",
  "SUSPENSION_EXECUTION_FAILED",
  "SUSPENSION_REQUESTED",
  "TAG_ASSIGNED",
  "TAG_REVOKED",
  "TRANSACTION_LIMIT_REJECTED",
  "WALLET_CREATED",
  "WALLET_CREATE_FAILED",
]
`;
